[backblue.gif]
[fade.gif]
[index.html]
[polar-earth-61256.herokuapp.com/css/jquery/jquery-3.2.1.min.js]
[polar-earth-61256.herokuapp.com/css/animsition/js/animsition.min.js]
[polar-earth-61256.herokuapp.com/css/bootstrap/js/popper.js]
[polar-earth-61256.herokuapp.com/css/bootstrap/js/bootstrap.min.js]
[polar-earth-61256.herokuapp.com/css/select2/select2.min.js]
[polar-earth-61256.herokuapp.com/css/daterangepicker/moment.min.js]
[polar-earth-61256.herokuapp.com/css/daterangepicker/daterangepicker.js]
[polar-earth-61256.herokuapp.com/css/countdowntime/countdowntime.js]
[polar-earth-61256.herokuapp.com/js/main.js]
[polar-earth-61256.herokuapp.com/index.html]
[polar-earth-61256.herokuapp.com/css/images/icons/favicon.html]
[polar-earth-61256.herokuapp.com/css/bootstrap/css/bootstrap.min.css]
[polar-earth-61256.herokuapp.com/fonts/font-awesome-4.7.0/fonts/fontawesome-webfont3e6e.eot]
[polar-earth-61256.herokuapp.com/fonts/font-awesome-4.7.0/fonts/fontawesome-webfontd41d.eot]
[polar-earth-61256.herokuapp.com/fonts/font-awesome-4.7.0/fonts/fontawesome-webfont3e6e.woff2]
[polar-earth-61256.herokuapp.com/fonts/font-awesome-4.7.0/fonts/fontawesome-webfont3e6e.woff]
[polar-earth-61256.herokuapp.com/fonts/font-awesome-4.7.0/fonts/fontawesome-webfont3e6e.ttf]
[polar-earth-61256.herokuapp.com/fonts/font-awesome-4.7.0/css/font-awesome.min.css]
[polar-earth-61256.herokuapp.com/fonts/iconic/fonts/Material-Design-Iconic-Fontd1f1.woff2]
[polar-earth-61256.herokuapp.com/fonts/iconic/fonts/Material-Design-Iconic-Fontd1f1.woff]
[polar-earth-61256.herokuapp.com/fonts/iconic/fonts/Material-Design-Iconic-Fontd1f1.ttf]
[polar-earth-61256.herokuapp.com/fonts/iconic/css/material-design-iconic-font.min.css]
[polar-earth-61256.herokuapp.com/css/animate/animate.css]
[polar-earth-61256.herokuapp.com/css/css-hamburgers/hamburgers.min.css]
[polar-earth-61256.herokuapp.com/css/animsition/css/animsition.min.css]
[polar-earth-61256.herokuapp.com/css/select2/select2.min.css]
[polar-earth-61256.herokuapp.com/css/daterangepicker/daterangepicker.css]
[polar-earth-61256.herokuapp.com/css/util.css]
[polar-earth-61256.herokuapp.com/fonts/source-sans-pro/SourceSansPro-Regular.ttf]
[polar-earth-61256.herokuapp.com/fonts/source-sans-pro/SourceSansPro-Bold.ttf]
[polar-earth-61256.herokuapp.com/fonts/source-sans-pro/SourceSansPro-SemiBold.ttf]
[polar-earth-61256.herokuapp.com/fonts/JosefinSans/JosefinSans-Bold.ttf]
[polar-earth-61256.herokuapp.com/css/main.css]
[polar-earth-61256.herokuapp.com/user_register.html]
[polar-earth-61256.herokuapp.com/fonts/font-awesome-4.7.0/fonts/fontawesome-webfont3e6e.svg]
[i.imgur.com/I9hk3OI.png]
